["(Default) Text button","userIcon & Text button, group","userIcon button, group"]