["Functional group","Functional (Default) Regular Expressive Functional radio button, 1 of 3","Functional clickable"]