["clickable, Label","edit, has auto complete, (Default) Basic"]